---
source: elucid-language/src/parser.rs
expression: ast
---
Query {
    source: "test",
    commands: [
        Where(
            Binary(
                GreaterThan,
                Binary(
                    Add,
                    Field(
                        "a",
                    ),
                    Binary(
                        Multiply,
                        Field(
                            "b",
                        ),
                        Field(
                            "c",
                        ),
                    ),
                ),
                Number(
                    10.0,
                ),
            ),
        ),
    ],
}
