---
source: elucid-language/src/parser.rs
expression: ast
---
Query {
    source: "test",
    commands: [
        Where(
            Binary(
                And,
                Binary(
                    Or,
                    Field(
                        "a",
                    ),
                    Field(
                        "b",
                    ),
                ),
                Field(
                    "c",
                ),
            ),
        ),
    ],
}
