---
source: elucid-language/src/parser.rs
expression: ast
---
Query {
    source: "test",
    commands: [
        Where(
            Binary(
                Equal,
                Field(
                    "name",
                ),
                String(
                    "\"O'Conner\"",
                ),
            ),
        ),
    ],
}
